******************************************************************************
             TMS320C2000 Linker PC v5.2.3                      
******************************************************************************
>> Linked Mon Dec 01 09:28:23 2014

OUTPUT FILE NAME:   <AD_ByLee.out>
ENTRY POINT SYMBOL: "_c_int00"  address: 003f88d4


MEMORY CONFIGURATION

         name            origin    length      used     unused   attr    fill
----------------------  --------  ---------  --------  --------  ----  --------
PAGE 0:
  RAMM0                 00000000   00000400  00000000  00000400  RWIX
  BEGIN                 003f8000   00000002  00000002  00000000  RWIX
  PRAMH0                003f8002   00000ffe  00000ecb  00000133  RWIX
  BOOTROM               003ff000   00000fc0  00000b50  00000470  RW  
  RESET                 003fffc0   00000002  00000000  00000002  RWIX

PAGE 1:
  RAMM1                 00000400   00000400  00000400  00000000  RWIX
  DEV_EMU               00000880   00000180  000000d2  000000ae  RWIX
  FLASH_REGS            00000a80   00000060  00000008  00000058  RWIX
  CSM                   00000ae0   00000010  00000010  00000000  RWIX
  XINTF                 00000b20   00000020  00000020  00000000  RWIX
  CPU_TIMER0            00000c00   00000008  00000008  00000000  RWIX
  PIE_CTRL              00000ce0   00000020  0000001a  00000006  RWIX
  PIE_VECT              00000d00   00000100  00000100  00000000  RWIX
  ECANA                 00006000   00000040  00000034  0000000c  RWIX
  ECANA_LAM             00006040   00000040  00000040  00000000  RWIX
  ECANA_MOTS            00006080   00000040  00000040  00000000  RWIX
  ECANA_MOTO            000060c0   00000040  00000040  00000000  RWIX
  ECANA_MBOX            00006100   00000100  00000100  00000000  RWIX
  SYSTEM                00007010   00000020  00000020  00000000  RWIX
  SPIA                  00007040   00000010  00000010  00000000  RWIX
  SCIA                  00007050   00000010  00000010  00000000  RWIX
  XINTRUPT              00007070   00000010  00000010  00000000  RWIX
  GPIOMUX               000070c0   00000020  00000020  00000000  RWIX
  GPIODAT               000070e0   00000020  00000020  00000000  RWIX
  ADC                   00007100   00000020  0000001a  00000006  RWIX
  EVA                   00007400   00000040  00000032  0000000e  RWIX
  EVB                   00007500   00000040  00000032  0000000e  RWIX
  SCIB                  00007750   00000010  00000010  00000000  RWIX
  MCBSPA                00007800   00000040  00000025  0000001b  RWIX
  DSRAM                 00100000   00010000  00000000  00010000  RWIX
  CSM_PWL               003f7ff8   00000008  00000008  00000000  RWIX
  DRAMH0                003f9000   00001000  00000593  00000a6d  RWIX


SECTION ALLOCATION MAP

 output                                  attributes/
section   page    origin      length       input sections
--------  ----  ----------  ----------   ----------------
.pinit     0    003f8002    00000000     UNINITIALIZED

codestart 
*          0    003f8000    00000002     
                  003f8000    00000002     DSP281x_CodeStartBranch.obj (codestart)

.text      0    003f8002    00000ae4     
                  003f8002    000004d9     Inverter_Main_ByLee.obj (.text)
                  003f84db    0000014f     DSP281x_DefaultIsr.obj (.text)
                  003f862a    00000083     rts2800_ml.lib : fd_mpy.obj (.text)
                  003f86ad    00000083                    : fs_div.obj (.text)
                  003f8730    00000082     DSP281x_SysCtrl.obj (.text)
                  003f87b2    00000078     rts2800_ml.lib : fs_add.obj (.text)
                  003f882a    0000005a                    : fs_mpy.obj (.text)
                  003f8884    00000050                    : sqrt.obj (.text)
                  003f88d4    00000044                    : boot.obj (.text)
                  003f8918    00000041                    : ldexp.obj (.text)
                  003f8959    0000003b     DSP281x_Gpio.obj (.text)
                  003f8994    00000028     DSP281x_PieCtrl.obj (.text)
                  003f89bc    00000020     DSP281x_PieVect.obj (.text)
                  003f89dc    0000001f     rts2800_ml.lib : fd_tol.obj (.text)
                  003f89fb    0000001d                    : fs_tou.obj (.text)
                  003f8a18    0000001c                    : fs_tofd.obj (.text)
                  003f8a34    0000001b                    : args_main.obj (.text)
                  003f8a4f    0000001a                    : i_tofs.obj (.text)
                  003f8a69    00000019                    : exit.obj (.text)
                  003f8a82    00000017                    : fs_cmp.obj (.text)
                  003f8a99    00000015     DSP281x_MemCopy.obj (.text)
                  003f8aae    00000012     DSP281x_Adc.obj (.text)
                  003f8ac0    00000010     rts2800_ml.lib : u_tofs.obj (.text)
                  003f8ad0    00000009                    : _lock.obj (.text)
                  003f8ad9    00000008     DSP281x_CodeStartBranch.obj (.text)
                  003f8ae1    00000005     rts2800_ml.lib : fs_neg.obj (.text)

.cinit     0    003f8ae6    00000387     
                  003f8ae6    0000036d     Inverter_Main_ByLee.obj (.cinit)
                  003f8e53    0000000a     rts2800_ml.lib : _lock.obj (.cinit)
                  003f8e5d    0000000a                    : exit.obj (.cinit)
                  003f8e67    00000004                    : errno.obj (.cinit)
                  003f8e6b    00000002     --HOLE-- [fill = 0]

IQmath     0    003f8e6d    00000045     
                  003f8e6d    00000031     IQmath.lib : IQ24sin.obj (IQmath)
                  003f8e9e    00000014                : IQ24toF.obj (IQmath)

ramfuncs   0    003f8eb2    0000001b     
                  003f8eb2    00000017     DSP281x_SysCtrl.obj (ramfuncs)
                  003f8ec9    00000004     DSP281x_usDelay.obj (ramfuncs)

IQmathTables 
*          0    003ff000    00000b50     NOLOAD SECTION
                  003ff000    00000b50     IQmath.lib : IQmathTables.ob (IQmathTables)

.reset     0    003fffc0    00000002     DSECT
                  003fffc0    00000002     rts2800_ml.lib : boot.obj (.reset)

.stack     1    00000400    00000400     UNINITIALIZED
                  00000400    00000400     --HOLE--

DevEmuRegsFile 
*          1    00000880    000000d2     UNINITIALIZED
                  00000880    000000d2     DSP281x_GlobalVariableDefs.obj (DevEmuRegsFile)

FlashRegsFile 
*          1    00000a80    00000008     UNINITIALIZED
                  00000a80    00000008     DSP281x_GlobalVariableDefs.obj (FlashRegsFile)

CsmRegsFile 
*          1    00000ae0    00000010     UNINITIALIZED
                  00000ae0    00000010     DSP281x_GlobalVariableDefs.obj (CsmRegsFile)

XintfRegsFile 
*          1    00000b20    00000020     UNINITIALIZED
                  00000b20    00000020     DSP281x_GlobalVariableDefs.obj (XintfRegsFile)

CpuTimer0RegsFile 
*          1    00000c00    00000008     UNINITIALIZED
                  00000c00    00000008     DSP281x_GlobalVariableDefs.obj (CpuTimer0RegsFile)

PieCtrlRegsFile 
*          1    00000ce0    0000001a     UNINITIALIZED
                  00000ce0    0000001a     DSP281x_GlobalVariableDefs.obj (PieCtrlRegsFile)

PieVectTableFile 
*          1    00000d00    00000100     UNINITIALIZED
                  00000d00    00000100     DSP281x_GlobalVariableDefs.obj (PieVectTableFile)

ECanaRegsFile 
*          1    00006000    00000034     UNINITIALIZED
                  00006000    00000034     DSP281x_GlobalVariableDefs.obj (ECanaRegsFile)

ECanaLAMRegsFile 
*          1    00006040    00000040     UNINITIALIZED
                  00006040    00000040     DSP281x_GlobalVariableDefs.obj (ECanaLAMRegsFile)

ECanaMOTSRegsFile 
*          1    00006080    00000040     UNINITIALIZED
                  00006080    00000040     DSP281x_GlobalVariableDefs.obj (ECanaMOTSRegsFile)

ECanaMOTORegsFile 
*          1    000060c0    00000040     UNINITIALIZED
                  000060c0    00000040     DSP281x_GlobalVariableDefs.obj (ECanaMOTORegsFile)

ECanaMboxesFile 
*          1    00006100    00000100     UNINITIALIZED
                  00006100    00000100     DSP281x_GlobalVariableDefs.obj (ECanaMboxesFile)

SysCtrlRegsFile 
*          1    00007010    00000020     UNINITIALIZED
                  00007010    00000020     DSP281x_GlobalVariableDefs.obj (SysCtrlRegsFile)

SpiaRegsFile 
*          1    00007040    00000010     UNINITIALIZED
                  00007040    00000010     DSP281x_GlobalVariableDefs.obj (SpiaRegsFile)

SciaRegsFile 
*          1    00007050    00000010     UNINITIALIZED
                  00007050    00000010     DSP281x_GlobalVariableDefs.obj (SciaRegsFile)

XIntruptRegsFile 
*          1    00007070    00000010     UNINITIALIZED
                  00007070    00000010     DSP281x_GlobalVariableDefs.obj (XIntruptRegsFile)

GpioMuxRegsFile 
*          1    000070c0    00000020     UNINITIALIZED
                  000070c0    00000020     DSP281x_GlobalVariableDefs.obj (GpioMuxRegsFile)

GpioDataRegsFile 
*          1    000070e0    00000020     UNINITIALIZED
                  000070e0    00000020     DSP281x_GlobalVariableDefs.obj (GpioDataRegsFile)

AdcRegsFile 
*          1    00007100    0000001a     UNINITIALIZED
                  00007100    0000001a     DSP281x_GlobalVariableDefs.obj (AdcRegsFile)

EvaRegsFile 
*          1    00007400    00000032     UNINITIALIZED
                  00007400    00000032     DSP281x_GlobalVariableDefs.obj (EvaRegsFile)

EvbRegsFile 
*          1    00007500    00000032     UNINITIALIZED
                  00007500    00000032     DSP281x_GlobalVariableDefs.obj (EvbRegsFile)

ScibRegsFile 
*          1    00007750    00000010     UNINITIALIZED
                  00007750    00000010     DSP281x_GlobalVariableDefs.obj (ScibRegsFile)

McbspaRegsFile 
*          1    00007800    00000025     UNINITIALIZED
                  00007800    00000025     DSP281x_GlobalVariableDefs.obj (McbspaRegsFile)

CsmPwlFile 
*          1    003f7ff8    00000008     UNINITIALIZED
                  003f7ff8    00000008     DSP281x_GlobalVariableDefs.obj (CsmPwlFile)

.ebss      1    003f9000    0000048f     UNINITIALIZED
                  003f9000    00000486     Inverter_Main_ByLee.obj (.ebss)
                  003f9486    00000004     rts2800_ml.lib : _lock.obj (.ebss)
                  003f948a    00000004                    : exit.obj (.ebss)
                  003f948e    00000001                    : errno.obj (.ebss)

.econst    1    003f9490    00000104     
                  003f9490    00000100     DSP281x_PieVect.obj (.econst)
                  003f9590    00000004     Inverter_Main_ByLee.obj (.econst)


GLOBAL SYMBOLS: SORTED ALPHABETICALLY BY Name 

address    name
--------   ----
003f8002   .text
003f8a69   C$$EXIT
003f862a   FD$$MPY
003f89dc   FD$$TOL
003f87b7   FS$$ADD
003f8a82   FS$$CMP
003f86ad   FS$$DIV
003f882a   FS$$MPY
003f8ae1   FS$$NEG
003f87b2   FS$$SUB
003f8a18   FS$$TOFD
003f89fb   FS$$TOU
003f8a4f   I$$TOFS
003f8ac0   U$$TOFS
003f9180   _AD
003f854e   _ADCINT_ISR
003f8261   _ADCSmplePro
003f8249   _ADC_SampleINT
003f8224   _ADC_T1TOADC_isr
003f901e   _ADREG
003f9020   _AD_CHIPSEL0
003f901c   _AD_CHIPSEL1
003f901a   _AD_CONVST
003f9004   _AD_corrention_flag
003f9003   _ADflag
00007100   _AdcRegs
003f8594   _CAPINT1_ISR
003f8599   _CAPINT2_ISR
003f859e   _CAPINT3_ISR
003f85da   _CAPINT4_ISR
003f85df   _CAPINT5_ISR
003f85e4   _CAPINT6_ISR
003f855d   _CMP1INT_ISR
003f8562   _CMP2INT_ISR
003f8567   _CMP3INT_ISR
003f85a3   _CMP4INT_ISR
003f85a8   _CMP5INT_ISR
003f85ad   _CMP6INT_ISR
00000c00   _CpuTimer0Regs
003f7ff8   _CsmPwl
00000ae0   _CsmRegs
003f8781   _CsmUnlock
003f84e5   _DATALOG_ISR
003f8ec9   _DSP28x_usDelay
00000880   _DevEmuRegs
003f8742   _DisableDog
003f8611   _ECAN0INTA_ISR
003f8616   _ECAN1INTA_ISR
00006040   _ECanaLAMRegs
000060c0   _ECanaMOTORegs
00006080   _ECanaMOTSRegs
00006100   _ECanaMboxes
00006000   _ECanaRegs
003f861b   _EMPTY_ISR
003f84ef   _EMUINT_ISR
003f89b3   _EnableInterrupts
00007400   _EvaRegs
00007500   _EvbRegs
00000a80   _FlashRegs
000070e0   _GpioDataRegs
000070c0   _GpioMuxRegs
003f84f9   _ILLEGAL_ISR
003f84db   _INT13_ISR
003f84e0   _INT14_ISR
003ffad8   _IQ10mpyRndSatTable
003ffacc   _IQ11mpyRndSatTable
003ffac0   _IQ12mpyRndSatTable
003ffab4   _IQ13mpyRndSatTable
003ffaa8   _IQ14mpyRndSatTable
003ffa9c   _IQ15mpyRndSatTable
003ffa90   _IQ16mpyRndSatTable
003ffa84   _IQ17mpyRndSatTable
003ffa78   _IQ18mpyRndSatTable
003ffa6c   _IQ19mpyRndSatTable
003ffb44   _IQ1mpyRndSatTable
003ffa60   _IQ20mpyRndSatTable
003ffa54   _IQ21mpyRndSatTable
003ffa48   _IQ22mpyRndSatTable
003ffa3c   _IQ23mpyRndSatTable
003ffa30   _IQ24mpyRndSatTable
003ffa24   _IQ25mpyRndSatTable
003ffa18   _IQ26mpyRndSatTable
003ffa0c   _IQ27mpyRndSatTable
003ffa00   _IQ28mpyRndSatTable
003ff9f4   _IQ29mpyRndSatTable
003ffb38   _IQ2mpyRndSatTable
003ff9e8   _IQ30mpyRndSatTable
003ffb2c   _IQ3mpyRndSatTable
003ffb20   _IQ4mpyRndSatTable
003ffb14   _IQ5mpyRndSatTable
003ffb08   _IQ6mpyRndSatTable
003ffafc   _IQ7mpyRndSatTable
003ffaf0   _IQ8mpyRndSatTable
003ffae4   _IQ9mpyRndSatTable
003ff824   _IQatan2HalfPITable
003ff862   _IQatan2Table
003ff9e8   _IQatan2TableEnd
003ff100   _IQcosTable
003ff502   _IQcosTableEnd
003ff502   _IQdivRoundSatTable
003ff510   _IQdivTable
003ff712   _IQdivTableEnd
003ff712   _IQisqrtRoundSatTable
003ff722   _IQisqrtTable
003ff824   _IQisqrtTableEnd
003ff9e8   _IQmpyRndSatTable
003ffb50   _IQmpyRndSatTableEnd
003ff000   _IQsinTable
003ff400   _IQsinTableEnd
003ff712   _IQsqrtRoundSatTable
003ff722   _IQsqrtTable
003ff824   _IQsqrtTableEnd
003f8aae   _InitAdc
003f8eb2   _InitFlash
003f8959   _InitGpio
003f8767   _InitPeripheralClocks
003f8994   _InitPieCtrl
003f89bc   _InitPieVectTable
003f874a   _InitPll
003f9000   _InitPoint
003f8730   _InitSysCtrl
003f8966   _Init_Gpio
003f8738   _KickDog
003f85f3   _MRINTA_ISR
003f85f8   _MXINTA_ISR
00007800   _McbspaRegs
003f8a99   _MemCopy
003f84f4   _NMI_ISR
003f853a   _PDPINTA_ISR
003f853f   _PDPINTB_ISR
003f8620   _PIE_RESERVED
003f904c   _PI_d
003f9060   _PI_default
003f9056   _PI_q
00000ce0   _PieCtrlRegs
00000d00   _PieVectTable
003f9490   _PieVectTableInit
003f84ea   _RTOSINT_ISR
003f85fd   _SCIRXINTA_ISR
003f8607   _SCIRXINTB_ISR
003f8602   _SCITXINTA_ISR
003f860c   _SCITXINTB_ISR
003f85e9   _SPIRXINTA_ISR
003f85ee   _SPITXINTA_ISR
00007050   _SciaRegs
00007750   _ScibRegs
00007040   _SpiaRegs
00007010   _SysCtrlRegs
003f8571   _T1CINT_ISR
003f857b   _T1OFINT_ISR
003f856c   _T1PINT_ISR
003f8576   _T1UFINT_ISR
003f8585   _T2CINT_ISR
003f858f   _T2OFINT_ISR
003f8580   _T2PINT_ISR
003f858a   _T2UFINT_ISR
003f85b7   _T3CINT_ISR
003f85c1   _T3OFINT_ISR
003f85b2   _T3PINT_ISR
003f85bc   _T3UFINT_ISR
003f85cb   _T4CINT_ISR
003f85d5   _T4OFINT_ISR
003f85c6   _T4PINT_ISR
003f85d0   _T4UFINT_ISR
003f8553   _TINT0_ISR
003f9006   _U1
003f9012   _U1_offset
003f9016   _U1_offset_temp
003f9014   _U2
003f9018   _U2_offset
003f900c   _U2_offset_temp
003f852b   _USER10_ISR
003f8530   _USER11_ISR
003f8535   _USER12_ISR
003f84fe   _USER1_ISR
003f8503   _USER2_ISR
003f8508   _USER3_ISR
003f850d   _USER4_ISR
003f8512   _USER5_ISR
003f8517   _USER6_ISR
003f851c   _USER7_ISR
003f8521   _USER8_ISR
003f8526   _USER9_ISR
003f900e   _Ua_pwm
003f9010   _Ub_pwm
003f900a   _Uc_pwm
003f8558   _WAKEINT_ISR
003f8544   _XINT1_ISR
003f8549   _XINT2_ISR
00007070   _XIntruptRegs
00000b20   _XintfRegs
003f8e6d   __IQ24sin
003f8e9e   __IQ24toF
00000800   __STACK_END
00000400   __STACK_SIZE
00000001   __TI_args_main
ffffffff   ___binit__
ffffffff   ___c_args__
003f8ae6   ___cinit__
003f8ae6   ___etext__
ffffffff   ___pinit__
003f8002   ___text__
003f8a34   __args_main
003f948a   __cleanup_ptr
003f948c   __dtors_ptr
003f9488   __lock
003f8ad8   __nop
003f8ad4   __register_lock
003f8ad0   __register_unlock
00000400   __stack
003f9486   __unlock
003f8a69   _abort
003f9040   _ac
003f8033   _anticlarke_calc
003f8091   _antipark_calc
003f902e   _ap
003f9026   _c
003f902a   _c2
003f88d4   _c_int00
003f8002   _clarke_calc
003f9001   _cnt
003f948e   _errno
003f8a6b   _exit
003f8380   _inverter_pll_calc
003f9046   _ip
003f9036   _l2p
003f8918   _ldexp
003f80ba   _line_to_phase
003f8122   _main
003f9032   _p
003f8067   _park_calc
003f8473   _pi_calc
003f9022   _pll
003f80fa   _pll_calc
003f8625   _rsvd_ISR
003f9008   _sample_time
003f8884   _sqrt
003f9080   _temp1
003f9002   _x
ffffffff   binit
003f8ae6   cinit
003f8ae6   etext
ffffffff   pinit


GLOBAL SYMBOLS: SORTED BY Symbol Address 

address    name
--------   ----
00000001   __TI_args_main
00000400   __STACK_SIZE
00000400   __stack
00000800   __STACK_END
00000880   _DevEmuRegs
00000a80   _FlashRegs
00000ae0   _CsmRegs
00000b20   _XintfRegs
00000c00   _CpuTimer0Regs
00000ce0   _PieCtrlRegs
00000d00   _PieVectTable
00006000   _ECanaRegs
00006040   _ECanaLAMRegs
00006080   _ECanaMOTSRegs
000060c0   _ECanaMOTORegs
00006100   _ECanaMboxes
00007010   _SysCtrlRegs
00007040   _SpiaRegs
00007050   _SciaRegs
00007070   _XIntruptRegs
000070c0   _GpioMuxRegs
000070e0   _GpioDataRegs
00007100   _AdcRegs
00007400   _EvaRegs
00007500   _EvbRegs
00007750   _ScibRegs
00007800   _McbspaRegs
003f7ff8   _CsmPwl
003f8002   .text
003f8002   ___text__
003f8002   _clarke_calc
003f8033   _anticlarke_calc
003f8067   _park_calc
003f8091   _antipark_calc
003f80ba   _line_to_phase
003f80fa   _pll_calc
003f8122   _main
003f8224   _ADC_T1TOADC_isr
003f8249   _ADC_SampleINT
003f8261   _ADCSmplePro
003f8380   _inverter_pll_calc
003f8473   _pi_calc
003f84db   _INT13_ISR
003f84e0   _INT14_ISR
003f84e5   _DATALOG_ISR
003f84ea   _RTOSINT_ISR
003f84ef   _EMUINT_ISR
003f84f4   _NMI_ISR
003f84f9   _ILLEGAL_ISR
003f84fe   _USER1_ISR
003f8503   _USER2_ISR
003f8508   _USER3_ISR
003f850d   _USER4_ISR
003f8512   _USER5_ISR
003f8517   _USER6_ISR
003f851c   _USER7_ISR
003f8521   _USER8_ISR
003f8526   _USER9_ISR
003f852b   _USER10_ISR
003f8530   _USER11_ISR
003f8535   _USER12_ISR
003f853a   _PDPINTA_ISR
003f853f   _PDPINTB_ISR
003f8544   _XINT1_ISR
003f8549   _XINT2_ISR
003f854e   _ADCINT_ISR
003f8553   _TINT0_ISR
003f8558   _WAKEINT_ISR
003f855d   _CMP1INT_ISR
003f8562   _CMP2INT_ISR
003f8567   _CMP3INT_ISR
003f856c   _T1PINT_ISR
003f8571   _T1CINT_ISR
003f8576   _T1UFINT_ISR
003f857b   _T1OFINT_ISR
003f8580   _T2PINT_ISR
003f8585   _T2CINT_ISR
003f858a   _T2UFINT_ISR
003f858f   _T2OFINT_ISR
003f8594   _CAPINT1_ISR
003f8599   _CAPINT2_ISR
003f859e   _CAPINT3_ISR
003f85a3   _CMP4INT_ISR
003f85a8   _CMP5INT_ISR
003f85ad   _CMP6INT_ISR
003f85b2   _T3PINT_ISR
003f85b7   _T3CINT_ISR
003f85bc   _T3UFINT_ISR
003f85c1   _T3OFINT_ISR
003f85c6   _T4PINT_ISR
003f85cb   _T4CINT_ISR
003f85d0   _T4UFINT_ISR
003f85d5   _T4OFINT_ISR
003f85da   _CAPINT4_ISR
003f85df   _CAPINT5_ISR
003f85e4   _CAPINT6_ISR
003f85e9   _SPIRXINTA_ISR
003f85ee   _SPITXINTA_ISR
003f85f3   _MRINTA_ISR
003f85f8   _MXINTA_ISR
003f85fd   _SCIRXINTA_ISR
003f8602   _SCITXINTA_ISR
003f8607   _SCIRXINTB_ISR
003f860c   _SCITXINTB_ISR
003f8611   _ECAN0INTA_ISR
003f8616   _ECAN1INTA_ISR
003f861b   _EMPTY_ISR
003f8620   _PIE_RESERVED
003f8625   _rsvd_ISR
003f862a   FD$$MPY
003f86ad   FS$$DIV
003f8730   _InitSysCtrl
003f8738   _KickDog
003f8742   _DisableDog
003f874a   _InitPll
003f8767   _InitPeripheralClocks
003f8781   _CsmUnlock
003f87b2   FS$$SUB
003f87b7   FS$$ADD
003f882a   FS$$MPY
003f8884   _sqrt
003f88d4   _c_int00
003f8918   _ldexp
003f8959   _InitGpio
003f8966   _Init_Gpio
003f8994   _InitPieCtrl
003f89b3   _EnableInterrupts
003f89bc   _InitPieVectTable
003f89dc   FD$$TOL
003f89fb   FS$$TOU
003f8a18   FS$$TOFD
003f8a34   __args_main
003f8a4f   I$$TOFS
003f8a69   C$$EXIT
003f8a69   _abort
003f8a6b   _exit
003f8a82   FS$$CMP
003f8a99   _MemCopy
003f8aae   _InitAdc
003f8ac0   U$$TOFS
003f8ad0   __register_unlock
003f8ad4   __register_lock
003f8ad8   __nop
003f8ae1   FS$$NEG
003f8ae6   ___cinit__
003f8ae6   ___etext__
003f8ae6   cinit
003f8ae6   etext
003f8e6d   __IQ24sin
003f8e9e   __IQ24toF
003f8eb2   _InitFlash
003f8ec9   _DSP28x_usDelay
003f9000   _InitPoint
003f9001   _cnt
003f9002   _x
003f9003   _ADflag
003f9004   _AD_corrention_flag
003f9006   _U1
003f9008   _sample_time
003f900a   _Uc_pwm
003f900c   _U2_offset_temp
003f900e   _Ua_pwm
003f9010   _Ub_pwm
003f9012   _U1_offset
003f9014   _U2
003f9016   _U1_offset_temp
003f9018   _U2_offset
003f901a   _AD_CONVST
003f901c   _AD_CHIPSEL1
003f901e   _ADREG
003f9020   _AD_CHIPSEL0
003f9022   _pll
003f9026   _c
003f902a   _c2
003f902e   _ap
003f9032   _p
003f9036   _l2p
003f9040   _ac
003f9046   _ip
003f904c   _PI_d
003f9056   _PI_q
003f9060   _PI_default
003f9080   _temp1
003f9180   _AD
003f9486   __unlock
003f9488   __lock
003f948a   __cleanup_ptr
003f948c   __dtors_ptr
003f948e   _errno
003f9490   _PieVectTableInit
003ff000   _IQsinTable
003ff100   _IQcosTable
003ff400   _IQsinTableEnd
003ff502   _IQcosTableEnd
003ff502   _IQdivRoundSatTable
003ff510   _IQdivTable
003ff712   _IQdivTableEnd
003ff712   _IQisqrtRoundSatTable
003ff712   _IQsqrtRoundSatTable
003ff722   _IQisqrtTable
003ff722   _IQsqrtTable
003ff824   _IQatan2HalfPITable
003ff824   _IQisqrtTableEnd
003ff824   _IQsqrtTableEnd
003ff862   _IQatan2Table
003ff9e8   _IQ30mpyRndSatTable
003ff9e8   _IQatan2TableEnd
003ff9e8   _IQmpyRndSatTable
003ff9f4   _IQ29mpyRndSatTable
003ffa00   _IQ28mpyRndSatTable
003ffa0c   _IQ27mpyRndSatTable
003ffa18   _IQ26mpyRndSatTable
003ffa24   _IQ25mpyRndSatTable
003ffa30   _IQ24mpyRndSatTable
003ffa3c   _IQ23mpyRndSatTable
003ffa48   _IQ22mpyRndSatTable
003ffa54   _IQ21mpyRndSatTable
003ffa60   _IQ20mpyRndSatTable
003ffa6c   _IQ19mpyRndSatTable
003ffa78   _IQ18mpyRndSatTable
003ffa84   _IQ17mpyRndSatTable
003ffa90   _IQ16mpyRndSatTable
003ffa9c   _IQ15mpyRndSatTable
003ffaa8   _IQ14mpyRndSatTable
003ffab4   _IQ13mpyRndSatTable
003ffac0   _IQ12mpyRndSatTable
003ffacc   _IQ11mpyRndSatTable
003ffad8   _IQ10mpyRndSatTable
003ffae4   _IQ9mpyRndSatTable
003ffaf0   _IQ8mpyRndSatTable
003ffafc   _IQ7mpyRndSatTable
003ffb08   _IQ6mpyRndSatTable
003ffb14   _IQ5mpyRndSatTable
003ffb20   _IQ4mpyRndSatTable
003ffb2c   _IQ3mpyRndSatTable
003ffb38   _IQ2mpyRndSatTable
003ffb44   _IQ1mpyRndSatTable
003ffb50   _IQmpyRndSatTableEnd
ffffffff   ___binit__
ffffffff   ___c_args__
ffffffff   ___pinit__
ffffffff   binit
ffffffff   pinit

[243 symbols]
